// Jest Snapshot v1, https://goo.gl/fbAQLP

exports[`Gallery matches a snapshot 1`] = `
<ContextProvider
  value={
    Object {
      "theme": "light",
      "toggleTheme": [Function],
    }
  }
>
  <HeroesProvider>
    <HeroesList />
  </HeroesProvider>
</ContextProvider>
`;
